[     185ms] [INFO] %cDownload the React DevTools for a better development experience: https://react.dev/link/react-devtools font-weight:bold @ http://localhost:3000/node_modules/.vite/deps/react-dom_client.js?v=c517e014:14337
[     623ms] [ERROR] %o

%s

%s
 TypeError: createServerFn(...).validator is not a function
    at http://localhost:3000/src/api/audit.ts:20:59 The above error occurred in the <Lazy> component. React will try to recreate this component tree from scratch using the error boundary you provided, CatchBoundaryImpl. @ http://localhost:3000/@vite/client:509
[     624ms] [WARNING] Warning: The following error wasn't caught by any route! At the very least, consider setting an 'errorComponent' in your RootRoute! @ http://localhost:3000/@vite/client:509
[     624ms] [WARNING] Warning: createServerFn(...).validator is not a function @ http://localhost:3000/@vite/client:509
[   42097ms] [WARNING] The width(-1) and height(-1) of chart should be greater than 0,
       please check the style of container, or the props width(100%) and height(100%),
       or add a minWidth(0) or minHeight(undefined) or use aspect(undefined) to control the
       height and width. @ http://localhost:3000/@vite/client:509
[   42097ms] [WARNING] The width(-1) and height(-1) of chart should be greater than 0,
       please check the style of container, or the props width(100%) and height(100%),
       or add a minWidth(0) or minHeight(undefined) or use aspect(undefined) to control the
       height and width. @ http://localhost:3000/@vite/client:509
[   42097ms] [WARNING] The width(-1) and height(-1) of chart should be greater than 0,
       please check the style of container, or the props width(100%) and height(100%),
       or add a minWidth(0) or minHeight(undefined) or use aspect(undefined) to control the
       height and width. @ http://localhost:3000/@vite/client:509
[   42097ms] [WARNING] The width(-1) and height(-1) of chart should be greater than 0,
       please check the style of container, or the props width(100%) and height(100%),
       or add a minWidth(0) or minHeight(undefined) or use aspect(undefined) to control the
       height and width. @ http://localhost:3000/@vite/client:509
[   42098ms] [WARNING] The width(-1) and height(-1) of chart should be greater than 0,
       please check the style of container, or the props width(100%) and height(100%),
       or add a minWidth(0) or minHeight(undefined) or use aspect(undefined) to control the
       height and width. @ http://localhost:3000/@vite/client:509
[   42098ms] [WARNING] The width(-1) and height(-1) of chart should be greater than 0,
       please check the style of container, or the props width(100%) and height(100%),
       or add a minWidth(0) or minHeight(undefined) or use aspect(undefined) to control the
       height and width. @ http://localhost:3000/@vite/client:509
[   42098ms] [WARNING] The width(-1) and height(-1) of chart should be greater than 0,
       please check the style of container, or the props width(100%) and height(100%),
       or add a minWidth(0) or minHeight(undefined) or use aspect(undefined) to control the
       height and width. @ http://localhost:3000/@vite/client:509
[   42099ms] [WARNING] The width(-1) and height(-1) of chart should be greater than 0,
       please check the style of container, or the props width(100%) and height(100%),
       or add a minWidth(0) or minHeight(undefined) or use aspect(undefined) to control the
       height and width. @ http://localhost:3000/@vite/client:509
[   46939ms] [WARNING] Module "node:async_hooks" has been externalized for browser compatibility. Cannot access "node:async_hooks.AsyncLocalStorage" in client code. See https://vite.dev/guide/troubleshooting.html#module-externalized-for-browser-compatibility for more details. @ http://localhost:3000/@vite/client:509
[   46947ms] [ERROR] %o

%s

%s
 TypeError: import_browser_external_node_async_hooks.AsyncLocalStorage is not a constructor
    at http://localhost:3000/node_modules/.vite/deps/@tanstack_start-storage-context.js?v=7f0ed60e:6:69 The above error occurred in the <Lazy> component. React will try to recreate this component tree from scratch using the error boundary you provided, CatchBoundaryImpl. @ http://localhost:3000/@vite/client:509
[   46947ms] [WARNING] Warning: The following error wasn't caught by any route! At the very least, consider setting an 'errorComponent' in your RootRoute! @ http://localhost:3000/@vite/client:509
[   46948ms] [WARNING] Warning: import_browser_external_node_async_hooks.AsyncLocalStorage is not a constructor @ http://localhost:3000/@vite/client:509
[   49629ms] [INFO] %cDownload the React DevTools for a better development experience: https://react.dev/link/react-devtools font-weight:bold @ http://localhost:3000/node_modules/.vite/deps/react-dom_client.js?v=d6c51763:14337
[   50161ms] [WARNING] Module "node:async_hooks" has been externalized for browser compatibility. Cannot access "node:async_hooks.AsyncLocalStorage" in client code. See https://vite.dev/guide/troubleshooting.html#module-externalized-for-browser-compatibility for more details. @ http://localhost:3000/@vite/client:509
[   50198ms] [ERROR] %o

%s

%s
 TypeError: import_browser_external_node_async_hooks.AsyncLocalStorage is not a constructor
    at http://localhost:3000/node_modules/.vite/deps/@tanstack_start-storage-context.js?v=d6c51763:6:69 The above error occurred in the <Lazy> component. React will try to recreate this component tree from scratch using the error boundary you provided, CatchBoundaryImpl. @ http://localhost:3000/@vite/client:509
[   50198ms] [WARNING] Warning: The following error wasn't caught by any route! At the very least, consider setting an 'errorComponent' in your RootRoute! @ http://localhost:3000/@vite/client:509
[   50198ms] [WARNING] Warning: import_browser_external_node_async_hooks.AsyncLocalStorage is not a constructor @ http://localhost:3000/@vite/client:509
